// Jest Snapshot v1, https://goo.gl/fbAQLP

exports[`<AdminRegister /> with no props should match the snapshot 1`] = `""`;
