// Jest Snapshot v1, https://goo.gl/fbAQLP

exports[`<Login /> with no props should match the snapshot 1`] = `"<div class=\\"container-login\\"><div class=\\"img-holder\\"><img class=\\"image\\" alt=\\"image\\"/><span class=\\"text\\">ONLINE BOOK SHOPPING</span></div><div class=\\"login\\"><button class=\\"lgn\\" text=\\"Test\\">LOGIN</button><button class=\\"sgn\\" text=\\"Test\\">SIGN UP</button><div class=\\"active-content\\"><br/><div><div><div class=\\"email\\"><div class=\\"MuiFormControl-root MuiTextField-root MuiFormControl-fullWidth\\"><label class=\\"MuiFormLabel-root MuiInputLabel-root MuiInputLabel-formControl MuiInputLabel-animated MuiInputLabel-outlined\\" data-shrink=\\"false\\" for=\\"outlined-email-input\\" id=\\"outlined-email-input-label\\">Email</label><div class=\\"MuiInputBase-root MuiOutlinedInput-root MuiInputBase-fullWidth MuiInputBase-formControl\\"><input type=\\"text\\" aria-invalid=\\"\\" id=\\"outlined-email-input\\" name=\\"email\\" value=\\"\\" class=\\"MuiInputBase-input MuiOutlinedInput-input\\"/><fieldset aria-hidden=\\"true\\" class=\\"PrivateNotchedOutline-root-1 MuiOutlinedInput-notchedOutline\\"><legend class=\\"PrivateNotchedOutline-legendLabelled-3\\"><span>Email</span></legend></fieldset></div></div></div><br/><div class=\\"password\\"><div class=\\"MuiFormControl-root MuiTextField-root MuiFormControl-fullWidth\\" endAdornment=\\"[object Object]\\"><label class=\\"MuiFormLabel-root MuiInputLabel-root MuiInputLabel-formControl MuiInputLabel-animated MuiInputLabel-outlined\\" data-shrink=\\"false\\" for=\\"outlined-pass-input\\" id=\\"outlined-pass-input-label\\">Password</label><div class=\\"MuiInputBase-root MuiOutlinedInput-root MuiInputBase-fullWidth MuiInputBase-formControl\\"><input type=\\"password\\" aria-invalid=\\"\\" id=\\"outlined-pass-input\\" name=\\"password\\" value=\\"\\" class=\\"MuiInputBase-input MuiOutlinedInput-input\\"/><fieldset aria-hidden=\\"true\\" class=\\"PrivateNotchedOutline-root-1 MuiOutlinedInput-notchedOutline\\"><legend class=\\"PrivateNotchedOutline-legendLabelled-3\\"><span>Password</span></legend></fieldset></div></div></div><button text=\\"test\\" type=\\"button\\" class=\\"btn btn btn-primary\\">Login</button></div></div><br/><div class=\\"buttons\\"><button type=\\"button\\" class=\\"btn btn btn-primary\\">Login as Admin</button></div></div><div class=\\"content\\"><div class=\\"MuiFormControl-root MuiTextField-root\\"><label class=\\"MuiFormLabel-root MuiFormLabel-colorSecondary MuiInputLabel-root MuiInputLabel-formControl MuiInputLabel-animated MuiInputLabel-outlined\\" data-shrink=\\"false\\" for=\\"outlined-secondary-name\\" id=\\"outlined-secondary-name-label\\">Full Name</label><div class=\\"MuiInputBase-root MuiOutlinedInput-root MuiInputBase-colorSecondary MuiOutlinedInput-colorSecondary MuiInputBase-formControl\\"><input type=\\"text\\" aria-invalid=\\"\\" id=\\"outlined-secondary-name\\" class=\\"MuiInputBase-input MuiOutlinedInput-input\\"/><fieldset aria-hidden=\\"true\\" class=\\"PrivateNotchedOutline-root-1 MuiOutlinedInput-notchedOutline\\"><legend class=\\"PrivateNotchedOutline-legendLabelled-3\\"><span>Full Name</span></legend></fieldset></div></div><br/><div class=\\"MuiFormControl-root MuiTextField-root\\"><label class=\\"MuiFormLabel-root MuiFormLabel-colorSecondary MuiInputLabel-root MuiInputLabel-formControl MuiInputLabel-animated MuiInputLabel-outlined\\" data-shrink=\\"false\\" for=\\"outlined-secondary-email\\" id=\\"outlined-secondary-email-label\\">Email</label><div class=\\"MuiInputBase-root MuiOutlinedInput-root MuiInputBase-colorSecondary MuiOutlinedInput-colorSecondary MuiInputBase-formControl\\"><input type=\\"text\\" aria-invalid=\\"\\" id=\\"outlined-secondary-email\\" value=\\"\\" class=\\"MuiInputBase-input MuiOutlinedInput-input\\"/><fieldset aria-hidden=\\"true\\" class=\\"PrivateNotchedOutline-root-1 MuiOutlinedInput-notchedOutline\\"><legend class=\\"PrivateNotchedOutline-legendLabelled-3\\"><span>Email</span></legend></fieldset></div></div><br/><div class=\\"MuiFormControl-root MuiTextField-root\\"><label class=\\"MuiFormLabel-root MuiFormLabel-colorSecondary MuiInputLabel-root MuiInputLabel-formControl MuiInputLabel-animated MuiInputLabel-outlined\\" data-shrink=\\"false\\" for=\\"outlined-secondary-password\\" id=\\"outlined-secondary-password-label\\">Password</label><div class=\\"MuiInputBase-root MuiOutlinedInput-root MuiInputBase-colorSecondary MuiOutlinedInput-colorSecondary MuiInputBase-formControl\\"><input type=\\"password\\" aria-invalid=\\"\\" id=\\"outlined-secondary-password\\" value=\\"\\" class=\\"MuiInputBase-input MuiOutlinedInput-input\\"/><fieldset aria-hidden=\\"true\\" class=\\"PrivateNotchedOutline-root-1 MuiOutlinedInput-notchedOutline\\"><legend class=\\"PrivateNotchedOutline-legendLabelled-3\\"><span>Password</span></legend></fieldset></div></div><br/><div class=\\"MuiFormControl-root MuiTextField-root\\"><label class=\\"MuiFormLabel-root MuiFormLabel-colorSecondary MuiInputLabel-root MuiInputLabel-formControl MuiInputLabel-animated MuiInputLabel-outlined\\" data-shrink=\\"false\\" for=\\"outlined-secondary-mobile\\" id=\\"outlined-secondary-mobile-label\\">Mobile</label><div class=\\"MuiInputBase-root MuiOutlinedInput-root MuiInputBase-colorSecondary MuiOutlinedInput-colorSecondary MuiInputBase-formControl\\"><input type=\\"number\\" aria-invalid=\\"\\" id=\\"outlined-secondary-mobile\\" class=\\"MuiInputBase-input MuiOutlinedInput-input\\"/><fieldset aria-hidden=\\"true\\" class=\\"PrivateNotchedOutline-root-1 MuiOutlinedInput-notchedOutline\\"><legend class=\\"PrivateNotchedOutline-legendLabelled-3\\"><span>Mobile</span></legend></fieldset></div></div><button type=\\"button\\" class=\\"btn btn btn-primary\\">Signup</button></div></div></div>"`;

exports[`Button Component Tests with component 1`] = `ShallowWrapper {}`;

exports[`Button Component Tests without component 1`] = `ShallowWrapper {}`;
